{"t":"2026-09-26T12:36:33.455Z","agent":"fi","event":"start","role":"SwapVM compiler and quote signer","address":"0xB6eA66c2bE639820DFE546f49DF0349Cf27440b2","link":"https://sepolia.etherscan.io/address/0xB6eA66c2bE639820DFE546f49DF0349Cf27440b2","chainId":11155111,"block":"11786259","balanceWei":"1000000000000000000","rpc":"127.0.0.1:18841"}
{"t":"2026-09-26T12:36:33.470Z","agent":"fi","event":"service-beat","ok":true}
{"t":"2026-09-26T12:36:33.583Z","agent":"fi","event":"vault","vault":"0x0fa4a0Fd0bE6536d7462FF922F28500123c37A98","fi":"0xB6eA66c2bE639820DFE546f49DF0349Cf27440b2","me":"0xB6eA66c2bE639820DFE546f49DF0349Cf27440b2","isFi":true}
{"t":"2026-09-26T12:36:34.054Z","agent":"fi","event":"slots","harp":null,"hen":null,"greedy":null,"mid":"2689.63","recentre":null}
{"t":"2026-09-26T12:36:34.055Z","agent":"fi","event":"waiting","for":"fum's caps or headroom","strategy":"harp","cap":{"WETH":"0","USDC":"0"}}
{"t":"2026-09-26T12:36:34.055Z","agent":"fi","event":"waiting","for":"fum's caps or headroom","strategy":"hen","cap":{"WETH":"0","USDC":"0"}}
{"t":"2026-09-26T12:36:38.081Z","agent":"fi","event":"compiled","strategy":"harp","slot":0,"kind":"harp","program":"0x2014da14a4e0cC06eaFcd6Da1905C033b3c1224aE757","bytes":22,"weth":"1487193405784438","usdc":"4000000"}
{"t":"2026-09-26T12:36:38.488Z","agent":"fi","event":"tx","fn":"ship","hash":"0x6d28ad23766c176f5d15b250307d0cf5388d4b926f8b43ea70f660895f0633bf","link":"https://sepolia.etherscan.io/tx/0x6d28ad23766c176f5d15b250307d0cf5388d4b926f8b43ea70f660895f0633bf","block":"11786265","gasUsed":"238098"}
{"t":"2026-09-26T12:36:38.490Z","agent":"fi","event":"shipped","strategy":"harp","slot":0,"hash":"0xc65b96a3f41cad0428e156112a2b2c6204098bc9a2b550c94ddcb7188a3bb025","tx":"0x6d28ad23766c176f5d15b250307d0cf5388d4b926f8b43ea70f660895f0633bf","weth":"1487193405784438","usdc":"4000000"}
{"t":"2026-09-26T12:36:42.522Z","agent":"fi","event":"slots","harp":"0xc65b96a3f41cad0428e156112a2b2c6204098bc9a2b550c94ddcb7188a3bb025","hen":null,"greedy":null,"mid":"2689.63","recentre":null}
{"t":"2026-09-26T12:36:42.522Z","agent":"fi","event":"compiled","strategy":"hen","slot":1,"kind":"hen","program":"0x1504002dc6c01100","bytes":8,"weth":"1487193405784438","usdc":"3999999","mid":"2689.63","feeBps":30}
{"t":"2026-09-26T12:36:42.763Z","agent":"fi","event":"tx","fn":"ship","hash":"0xd2af98bc0dfe7a668a6df251c0e0ef34d3c6a0702389d9dc1136b5654db164a9","link":"https://sepolia.etherscan.io/tx/0xd2af98bc0dfe7a668a6df251c0e0ef34d3c6a0702389d9dc1136b5654db164a9","block":"11786266","gasUsed":"223064"}
{"t":"2026-09-26T12:36:42.765Z","agent":"fi","event":"shipped","strategy":"hen","slot":1,"hash":"0xc7d3157a27bdf14540ad70e283cc5d7ef3ba2a71d0e5750d74da25b1a382f530","tx":"0xd2af98bc0dfe7a668a6df251c0e0ef34d3c6a0702389d9dc1136b5654db164a9","weth":"1487193405784438","usdc":"3999999"}
{"t":"2026-09-26T12:36:46.801Z","agent":"fi","event":"slots","harp":"0xc65b96a3f41cad0428e156112a2b2c6204098bc9a2b550c94ddcb7188a3bb025","hen":"0xc7d3157a27bdf14540ad70e283cc5d7ef3ba2a71d0e5750d74da25b1a382f530","greedy":null,"mid":"2689.63","recentre":null}
{"t":"2026-09-26T12:36:46.802Z","agent":"fi","event":"compiled","strategy":"greedy","slot":2,"kind":"hen","weth":"929495878615274","usdc":"2500000","headroom":{"WETH":"743596702892220","USDC":"2000001"}}
{"t":"2026-09-26T12:36:50.839Z","agent":"fi","event":"tx-reverted","fn":"ship","hash":"0x87a0f215d3affad87224ed5b25e88841a7f0c17ba36bbdf530d2fb8c86fec615","link":"https://sepolia.etherscan.io/tx/0x87a0f215d3affad87224ed5b25e88841a7f0c17ba36bbdf530d2fb8c86fec615","block":"11786267","gasUsed":"66713","reason":"OverAllocated(0xfFf9976782d46CC05630D1f6eBAb18b2324d6B14,3903882690184150,3717983514461096)"}
{"t":"2026-09-26T12:36:50.840Z","agent":"fi","event":"greedy-refused","tx":"0x87a0f215d3affad87224ed5b25e88841a7f0c17ba36bbdf530d2fb8c86fec615","reason":"OverAllocated(0xfFf9976782d46CC05630D1f6eBAb18b2324d6B14,3903882690184150,3717983514461096)"}
{"t":"2026-09-26T12:37:19.232Z","agent":"fi","event":"slots","harp":"0xc65b96a3f41cad0428e156112a2b2c6204098bc9a2b550c94ddcb7188a3bb025","hen":"0xc7d3157a27bdf14540ad70e283cc5d7ef3ba2a71d0e5750d74da25b1a382f530","greedy":null,"mid":"2689.63","recentre":"hen"}
{"t":"2026-09-26T12:37:19.232Z","agent":"fi","event":"recentre","strategy":"hen","mid":"2689.63","henMid":3402.92,"driftBps":2096}
{"t":"2026-09-26T12:37:19.395Z","agent":"fi","event":"tx","fn":"dock","hash":"0xfa3dd8c86c3829255b53125d2b09d47e9691cee64a6280765f0d7e593bbe5641","link":"https://sepolia.etherscan.io/tx/0xfa3dd8c86c3829255b53125d2b09d47e9691cee64a6280765f0d7e593bbe5641","block":"11786272","gasUsed":"47007"}
{"t":"2026-09-26T12:37:19.408Z","agent":"fi","event":"compiled","strategy":"hen","slot":1,"kind":"hen","program":"0x1504002dc6c01100","bytes":8,"weth":"1206780274728900","usdc":"3245792","mid":"2689.63","feeBps":30}
{"t":"2026-09-26T12:37:19.697Z","agent":"fi","event":"tx","fn":"ship","hash":"0xb5163f19a701bdf316ff4fab31eb0ec67b5692643c0201172db42b68cdcd1e07","link":"https://sepolia.etherscan.io/tx/0xb5163f19a701bdf316ff4fab31eb0ec67b5692643c0201172db42b68cdcd1e07","block":"11786273","gasUsed":"223064"}
{"t":"2026-09-26T12:37:19.699Z","agent":"fi","event":"shipped","strategy":"hen","slot":1,"hash":"0xbdaa38fd40ba43fa99325de2054b2b826ec4ee4190a661b9dde94b7fcc4e2325","tx":"0xb5163f19a701bdf316ff4fab31eb0ec67b5692643c0201172db42b68cdcd1e07","weth":"1206780274728900","usdc":"3245792"}
{"t":"2026-09-26T12:37:23.724Z","agent":"fi","event":"slots","harp":"0xc65b96a3f41cad0428e156112a2b2c6204098bc9a2b550c94ddcb7188a3bb025","hen":"0xbdaa38fd40ba43fa99325de2054b2b826ec4ee4190a661b9dde94b7fcc4e2325","greedy":null,"mid":"2689.63","recentre":null}
