{"t":"2026-09-26T12:38:40.351Z","agent":"fi","event":"start","role":"SwapVM compiler and quote signer","address":"0xB6eA66c2bE639820DFE546f49DF0349Cf27440b2","link":"https://sepolia.etherscan.io/address/0xB6eA66c2bE639820DFE546f49DF0349Cf27440b2","chainId":11155111,"block":"11786270","balanceWei":"1000000000000000000","rpc":"127.0.0.1:18851"}
{"t":"2026-09-26T12:38:40.392Z","agent":"fi","event":"service-beat","ok":true}
{"t":"2026-09-26T12:38:40.562Z","agent":"fi","event":"vault","vault":"0x0fa4a0Fd0bE6536d7462FF922F28500123c37A98","fi":"0xB6eA66c2bE639820DFE546f49DF0349Cf27440b2","me":"0xB6eA66c2bE639820DFE546f49DF0349Cf27440b2","isFi":true}
{"t":"2026-09-26T12:38:41.348Z","agent":"fi","event":"slots","harp":null,"hen":null,"greedy":null,"mid":"2689.63","recentre":null}
{"t":"2026-09-26T12:38:41.349Z","agent":"fi","event":"waiting","for":"fum's caps or headroom","strategy":"harp","cap":{"WETH":"0","USDC":"0"}}
{"t":"2026-09-26T12:38:41.349Z","agent":"fi","event":"waiting","for":"fum's caps or headroom","strategy":"hen","cap":{"WETH":"0","USDC":"0"}}
{"t":"2026-09-26T12:38:45.404Z","agent":"fi","event":"compiled","strategy":"harp","slot":0,"kind":"harp","program":"0x2014da14a4e0cC06eaFcd6Da1905C033b3c1224aE757","bytes":22,"weth":"1487193405784438","usdc":"4000000"}
{"t":"2026-09-26T12:38:45.933Z","agent":"fi","event":"tx","fn":"ship","hash":"0x73dc7b041b3403be9b6e162e73251d26f5ca922dcad651334237460a21985ff3","link":"https://sepolia.etherscan.io/tx/0x73dc7b041b3403be9b6e162e73251d26f5ca922dcad651334237460a21985ff3","block":"11786276","gasUsed":"238098"}
{"t":"2026-09-26T12:38:45.934Z","agent":"fi","event":"shipped","strategy":"harp","slot":0,"hash":"0xc65b96a3f41cad0428e156112a2b2c6204098bc9a2b550c94ddcb7188a3bb025","tx":"0x73dc7b041b3403be9b6e162e73251d26f5ca922dcad651334237460a21985ff3","weth":"1487193405784438","usdc":"4000000"}
{"t":"2026-09-26T12:38:49.973Z","agent":"fi","event":"slots","harp":"0xc65b96a3f41cad0428e156112a2b2c6204098bc9a2b550c94ddcb7188a3bb025","hen":null,"greedy":null,"mid":"2689.63","recentre":null}
{"t":"2026-09-26T12:38:49.973Z","agent":"fi","event":"compiled","strategy":"hen","slot":1,"kind":"hen","program":"0x1504002dc6c01100","bytes":8,"weth":"1487193405784438","usdc":"3999999","mid":"2689.63","feeBps":30}
{"t":"2026-09-26T12:38:50.300Z","agent":"fi","event":"tx","fn":"ship","hash":"0xf9dc95e05ff724b0ed5d57ba41cb5445675ac729c5c2aa76b1aa8f8dbba3023e","link":"https://sepolia.etherscan.io/tx/0xf9dc95e05ff724b0ed5d57ba41cb5445675ac729c5c2aa76b1aa8f8dbba3023e","block":"11786277","gasUsed":"223064"}
{"t":"2026-09-26T12:38:50.301Z","agent":"fi","event":"shipped","strategy":"hen","slot":1,"hash":"0xc7d3157a27bdf14540ad70e283cc5d7ef3ba2a71d0e5750d74da25b1a382f530","tx":"0xf9dc95e05ff724b0ed5d57ba41cb5445675ac729c5c2aa76b1aa8f8dbba3023e","weth":"1487193405784438","usdc":"3999999"}
{"t":"2026-09-26T12:38:54.315Z","agent":"fi","event":"slots","harp":"0xc65b96a3f41cad0428e156112a2b2c6204098bc9a2b550c94ddcb7188a3bb025","hen":"0xc7d3157a27bdf14540ad70e283cc5d7ef3ba2a71d0e5750d74da25b1a382f530","greedy":null,"mid":"2689.63","recentre":null}
{"t":"2026-09-26T12:38:54.315Z","agent":"fi","event":"compiled","strategy":"greedy","slot":2,"kind":"hen","weth":"929495878615274","usdc":"2500000","headroom":{"WETH":"743596702892220","USDC":"2000001"}}
{"t":"2026-09-26T12:38:58.359Z","agent":"fi","event":"tx-reverted","fn":"ship","hash":"0xc144a9e2dfd87313d6868b49eb8fe739020d9986d2b4e0e91bbc487a3b718194","link":"https://sepolia.etherscan.io/tx/0xc144a9e2dfd87313d6868b49eb8fe739020d9986d2b4e0e91bbc487a3b718194","block":"11786278","gasUsed":"66713","reason":"OverAllocated(0xfFf9976782d46CC05630D1f6eBAb18b2324d6B14,3903882690184150,3717983514461096)"}
{"t":"2026-09-26T12:38:58.359Z","agent":"fi","event":"greedy-refused","tx":"0xc144a9e2dfd87313d6868b49eb8fe739020d9986d2b4e0e91bbc487a3b718194","reason":"OverAllocated(0xfFf9976782d46CC05630D1f6eBAb18b2324d6B14,3903882690184150,3717983514461096)"}
{"t":"2026-09-26T12:39:26.515Z","agent":"fi","event":"slots","harp":"0xc65b96a3f41cad0428e156112a2b2c6204098bc9a2b550c94ddcb7188a3bb025","hen":"0xc7d3157a27bdf14540ad70e283cc5d7ef3ba2a71d0e5750d74da25b1a382f530","greedy":null,"mid":"2689.63","recentre":"hen"}
{"t":"2026-09-26T12:39:26.515Z","agent":"fi","event":"recentre","strategy":"hen","mid":"2689.63","henMid":3402.92,"driftBps":2096}
{"t":"2026-09-26T12:39:26.751Z","agent":"fi","event":"tx","fn":"dock","hash":"0x7539f58dfeb1b56365efee8725d0a74a664de98f30d65bc9e0551e09c37b5d45","link":"https://sepolia.etherscan.io/tx/0x7539f58dfeb1b56365efee8725d0a74a664de98f30d65bc9e0551e09c37b5d45","block":"11786283","gasUsed":"47007"}
{"t":"2026-09-26T12:39:26.762Z","agent":"fi","event":"compiled","strategy":"hen","slot":1,"kind":"hen","program":"0x1504002dc6c01100","bytes":8,"weth":"1206780274728900","usdc":"3245792","mid":"2689.63","feeBps":30}
{"t":"2026-09-26T12:39:27.017Z","agent":"fi","event":"tx","fn":"ship","hash":"0xfba800ccf2d9aef37d785765b0fa80705d60bf06808a1ba9c261fce5fa14fcae","link":"https://sepolia.etherscan.io/tx/0xfba800ccf2d9aef37d785765b0fa80705d60bf06808a1ba9c261fce5fa14fcae","block":"11786284","gasUsed":"223064"}
{"t":"2026-09-26T12:39:27.018Z","agent":"fi","event":"shipped","strategy":"hen","slot":1,"hash":"0xbdaa38fd40ba43fa99325de2054b2b826ec4ee4190a661b9dde94b7fcc4e2325","tx":"0xfba800ccf2d9aef37d785765b0fa80705d60bf06808a1ba9c261fce5fa14fcae","weth":"1206780274728900","usdc":"3245792"}
{"t":"2026-09-26T12:39:31.053Z","agent":"fi","event":"slots","harp":"0xc65b96a3f41cad0428e156112a2b2c6204098bc9a2b550c94ddcb7188a3bb025","hen":"0xbdaa38fd40ba43fa99325de2054b2b826ec4ee4190a661b9dde94b7fcc4e2325","greedy":null,"mid":"2689.63","recentre":null}
